// Jest Snapshot v1, https://goo.gl/fbAQLP

exports[`renders learn react link 1`] = `
Array [
  <div
    className="header-container"
  >
    <h1>
      Math Magician
    </h1>
    <nav>
      <a
        href="/"
        onClick={[Function]}
      >
        Home
      </a>
      <span>
         | 
      </span>
      <a
        href="/calculator"
        onClick={[Function]}
      >
        Calculator
      </a>
      <span>
         | 
      </span>
      <a
        href="/quote"
        onClick={[Function]}
      >
        Quote
      </a>
    </nav>
  </div>,
  <div
    className="home"
  >
    <h2>
      Welcome to our page
    </h2>
    <p>
      Lorem ipsum dolor sit amet, consectetur adipiscing elit, sed do eiusmod tempor incididunt ut labore et dolore magna aliqua. Ut enim ad minim veniam, quis nostrud exercitation ullamco laboris nisi ut aliquip ex ea commodo consequat. Duis aute irure dolor in reprehenderit in voluptate velit esse cillum dolore eu fugiat nulla pariatur. Excepteur sint occaecat cupidatat non proident, sunt in culpa qui officia deserunt mollit anim id est laborum.
    </p>
    <p>
      Lorem ipsum dolor sit amet, consectetur adipiscing elit, sed do eiusmod tempor incididunt ut labore et dolore magna aliqua. Ut enim ad minim veniam, quis nostrud exercitation ullamco laboris nisi ut aliquip ex ea commodo consequat. Duis aute irure dolor in reprehenderit in voluptate velit esse cillum dolore eu fugiat nulla pariatur. Excepteur sint occaecat cupidatat non proident, sunt in culpa qui officia deserunt mollit anim id est laborum.
    </p>
  </div>,
]
`;

exports[`renders learn react link 2`] = `
<div
  className="calculator-page"
>
  <div>
    <h2>
      Lets do some math!
    </h2>
  </div>
  <div
    className="container"
  >
    <div
      className="display"
    >
      <span
        className="previous"
      />
      <span
        className="operand"
      />
      <span
        className="current"
      >
        0
      </span>
    </div>
    <div
      className="operators-container"
    >
      <div
        className="grey-btn"
      >
        <button
          id=""
          onClick={[Function]}
          type="button"
        >
          AC
        </button>
        <button
          id=""
          onClick={[Function]}
          type="button"
        >
          +/-
        </button>
        <button
          id=""
          onClick={[Function]}
          type="button"
        >
          %
        </button>
        <button
          id=""
          onClick={[Function]}
          type="button"
        >
          7
        </button>
        <button
          id=""
          onClick={[Function]}
          type="button"
        >
          8
        </button>
        <button
          id=""
          onClick={[Function]}
          type="button"
        >
          9
        </button>
        <button
          id=""
          onClick={[Function]}
          type="button"
        >
          4
        </button>
        <button
          id=""
          onClick={[Function]}
          type="button"
        >
          5
        </button>
        <button
          id=""
          onClick={[Function]}
          type="button"
        >
          6
        </button>
        <button
          id=""
          onClick={[Function]}
          type="button"
        >
          1
        </button>
        <button
          id=""
          onClick={[Function]}
          type="button"
        >
          2
        </button>
        <button
          id=""
          onClick={[Function]}
          type="button"
        >
          3
        </button>
        <button
          id="cero"
          onClick={[Function]}
          type="button"
        >
          0
        </button>
        <button
          id=""
          onClick={[Function]}
          type="button"
        >
          .
        </button>
      </div>
      <div
        className="orange-btn"
      >
        <button
          id=""
          onClick={[Function]}
          type="button"
        >
          รท
        </button>
        <button
          id=""
          onClick={[Function]}
          type="button"
        >
          x
        </button>
        <button
          id=""
          onClick={[Function]}
          type="button"
        >
          -
        </button>
        <button
          id=""
          onClick={[Function]}
          type="button"
        >
          +
        </button>
        <button
          id=""
          onClick={[Function]}
          type="button"
        >
          =
        </button>
      </div>
    </div>
  </div>
</div>
`;
